// Vitest Snapshot v1, https://vitest.dev/guide/snapshot.html

exports[`OneBusAwayService > getUpcomingTripsForRoutesAtStops > gets trips for the correct routes at the correct stops 1`] = `
[
  {
    "arrivalTime": 2025-12-17T04:35:51.000Z,
    "departureTime": 2025-12-17T04:35:51.000Z,
    "headsign": "Eastgate P&R Lake Hills",
    "isRealtime": true,
    "routeColor": "FDB71A",
    "routeId": "1_102752",
    "routeName": "223",
    "stopId": "1_71971",
    "stopName": "NE Redmond Way & Bear Creek Pkwy",
    "tripId": "1_766488949",
    "vehicle": "7330",
  },
  {
    "arrivalTime": 2025-12-17T04:40:26.000Z,
    "departureTime": 2025-12-17T04:40:26.000Z,
    "headsign": "Bellevue Transit Center",
    "isRealtime": true,
    "routeColor": "FDB71A",
    "routeId": "1_102704",
    "routeName": "250",
    "stopId": "1_71971",
    "stopName": "NE Redmond Way & Bear Creek Pkwy",
    "tripId": "1_720962769",
    "vehicle": "7424",
  },
  {
    "arrivalTime": 2025-12-17T05:04:16.000Z,
    "departureTime": 2025-12-17T05:04:16.000Z,
    "headsign": "Eastgate P&R Lake Hills",
    "isRealtime": true,
    "routeColor": "FDB71A",
    "routeId": "1_102752",
    "routeName": "223",
    "stopId": "1_71971",
    "stopName": "NE Redmond Way & Bear Creek Pkwy",
    "tripId": "1_766488959",
    "vehicle": null,
  },
  {
    "arrivalTime": 2025-12-17T05:09:06.000Z,
    "departureTime": 2025-12-17T05:09:06.000Z,
    "headsign": "Bellevue Transit Center",
    "isRealtime": true,
    "routeColor": "FDB71A",
    "routeId": "1_102704",
    "routeName": "250",
    "stopId": "1_71971",
    "stopName": "NE Redmond Way & Bear Creek Pkwy",
    "tripId": "1_720962789",
    "vehicle": null,
  },
  {
    "arrivalTime": 2025-12-17T04:41:00.000Z,
    "departureTime": 2025-12-17T04:41:00.000Z,
    "headsign": "Bellevue Transit Center Crossroads",
    "isRealtime": true,
    "routeColor": "9C182F",
    "routeId": "1_102548",
    "routeName": "B Line",
    "stopId": "1_72476",
    "stopName": "NE 76th St & 164th Ave NE - Bay 1",
    "tripId": "1_721019209",
    "vehicle": null,
  },
  {
    "arrivalTime": 2025-12-17T04:57:00.000Z,
    "departureTime": 2025-12-17T04:57:00.000Z,
    "headsign": "Bellevue Transit Center Crossroads",
    "isRealtime": true,
    "routeColor": "9C182F",
    "routeId": "1_102548",
    "routeName": "B Line",
    "stopId": "1_72476",
    "stopName": "NE 76th St & 164th Ave NE - Bay 1",
    "tripId": "1_721019369",
    "vehicle": "6023",
  },
  {
    "arrivalTime": 2025-12-17T05:12:00.000Z,
    "departureTime": 2025-12-17T05:12:00.000Z,
    "headsign": "Bellevue Transit Center Crossroads",
    "isRealtime": true,
    "routeColor": "9C182F",
    "routeId": "1_102548",
    "routeName": "B Line",
    "stopId": "1_72476",
    "stopName": "NE 76th St & 164th Ave NE - Bay 1",
    "tripId": "1_721019449",
    "vehicle": "6044",
  },
]
`;
